{
 "a": 2,
 "b": true,
 "c.c": 4,
 "c.e": "true"
}