{
 "a": 1,
 "test": "",
 "b": true,
 "c.c": [],
 "c.e.f": {},
 "c.e.g": {}
}