Couldn't load json file inputs/nullValues.json: Expecting value: line 3 column 10 (char 20)